// Jest Snapshot v1, https://goo.gl/fbAQLP

exports[`BranchList with branch list should match with snapshot 1`] = `
Array [
  <CardDetailsWithAvatar
    branch={
      Object {
        "id": 1,
        "inCharge": "Hadoldo",
        "name": "madureira",
      }
    }
    key="1"
  />,
  <CardDetailsWithAvatar
    branch={
      Object {
        "id": 2,
        "inCharge": "Paula",
        "name": "Meier",
      }
    }
    key="2"
  />,
]
`;

exports[`BranchList with empty branch list should match with snapshot 1`] = `
<p>
  Essa rede n√£o tem filiais
</p>
`;
