// Jest Snapshot v1, https://goo.gl/fbAQLP

exports[`NotFound renders correctly 1`] = `
<div>
  <h1>
    Not Found
  </h1>
</div>
`;
