// Jest Snapshot v1, https://goo.gl/fbAQLP

exports[`Responsive Drawer renders correctly 1`] = `
<WithStyles(Drawer)
  id="drawer"
  open={false}
>
  <div
    className="only-mobyle"
  >
    <withRouter(Connect(SideDrawer)) />
  </div>
</WithStyles(Drawer)>
`;
